VERIFY_TASK_COMPLETION REJECTED: Browser is only at search engine homepage, but user requested search/extract.
VERIFY_TASK_COMPLETION REJECTED: Browser is only at search engine homepage, but user requested search/extract.
VERIFY_TASK_COMPLETION REJECTED: Browser is only at search engine homepage, but user requested search/extract.
VERIFY_TASK_COMPLETION REJECTED: Browser is only at search engine homepage, but user requested search/extract.
VERIFY_TASK_COMPLETION REJECTED: Browser is only at search engine homepage, but user requested search/extract.
VERIFY_TASK_COMPLETION REJECTED: Browser is only at search engine homepage, but user requested search/extract.
VERIFY_TASK_COMPLETION REJECTED: Browser is only at search engine homepage, but user requested search/extract.
VERIFY_TASK_COMPLETION REJECTED: Browser is only at search engine homepage, but user requested search/extract.
VERIFY_TASK_COMPLETION REJECTED: Browser is only at search engine homepage, but user requested search/extract.
VERIFY_TASK_COMPLETION REJECTED: Browser is only at search engine homepage, but user requested search/extract.
VERIFY_TASK_COMPLETION REJECTED: Browser is only at search engine homepage, but user requested search/extract.
VERIFY_TASK_COMPLETION REJECTED: Browser is only at search engine homepage, but user requested search/extract.
VERIFY_TASK_COMPLETION REJECTED: Browser is only at search engine homepage, but user requested search/extract.
VERIFY_TASK_COMPLETION REJECTED: Browser is only at search engine homepage, but user requested search/extract.
VERIFY_TASK_COMPLETION REJECTED: Browser is only at search engine homepage, but user requested search/extract.
VERIFY_TASK_COMPLETION REJECTED: Browser is only at search engine homepage, but user requested search/extract.
VERIFY_TASK_COMPLETION REJECTED: Browser is only at search engine homepage, but user requested search/extract.
VERIFY_TASK_COMPLETION REJECTED: Browser is only at search engine homepage, but user requested search/extract.
VERIFY_TASK_COMPLETION REJECTED: Browser is only at search engine homepage, but user requested search/extract.
VERIFY_TASK_COMPLETION REJECTED: Browser is only at search engine homepage, but user requested search/extract.
VERIFY_TASK_COMPLETION REJECTED: Browser is only at search engine homepage, but user requested search/extract.
VERIFY_TASK_COMPLETION REJECTED: results page is for 'grace hopper', requested 'alan turing'.
VERIFY_TASK_COMPLETION REJECTED: results page is for 'grace hopper', requested 'alan turing'.
VERIFY_TASK_COMPLETION REJECTED: results page is for 'grace hopper', requested 'alan turing'.
VERIFY_TASK_COMPLETION REJECTED: results page is for 'grace hopper', requested 'alan turing'.
VERIFY_TASK_COMPLETION REJECTED: results page is for 'grace hopper', requested 'alan turing'.
VERIFY_TASK_COMPLETION REJECTED: results page is for 'grace hopper', requested 'alan turing'.
VERIFY_TASK_COMPLETION REJECTED: results page is for 'grace hopper', requested 'alan turing'.
VERIFY_TASK_COMPLETION REJECTED: Requested text 'Meeting at 10am' not verified on page.
VERIFY_TASK_COMPLETION REJECTED: Requested text 'Meeting at 10am' not verified on page.
VERIFY_TASK_COMPLETION REJECTED: Requested text 'Meeting at 10am' not verified on page.
VERIFY_TASK_COMPLETION REJECTED: Requested text 'Meeting at 10am' not verified on page.
VERIFY_TASK_COMPLETION REJECTED: Requested text 'Meeting at 10am' not verified on page.
VERIFY_TASK_COMPLETION REJECTED: Requested text 'Meeting at 10am' not verified on page.
VERIFY_TASK_COMPLETION REJECTED: Requested text 'Meeting at 10am' not verified on page.
VERIFY_TASK_COMPLETION REJECTED: Requested text 'Meeting at 10am' not verified on page.
VERIFY_TASK_COMPLETION REJECTED: Requested text 'Meeting at 10am' not verified on page.
VERIFY_TASK_COMPLETION REJECTED: Requested text 'Meeting at 10am' not verified on page.
VERIFY_TASK_COMPLETION REJECTED: Requested text 'Meeting at 10am' not verified on page.
VERIFY_TASK_COMPLETION REJECTED: Requested text 'Meeting at 10am' not verified on page.
VERIFY_TASK_COMPLETION REJECTED: Requested text 'Meeting at 10am' not verified on page.
VERIFY_TASK_COMPLETION REJECTED: Requested text 'Meeting at 10am' not verified on page.
VERIFY_TASK_COMPLETION REJECTED: Requested text 'Meeting at 10am' not verified on page.
VERIFY_TASK_COMPLETION REJECTED: Requested text 'Meeting at 10am' not verified on page.
VERIFY_TASK_COMPLETION REJECTED: Requested text 'Meeting at 10am' not verified on page.
VERIFY_TASK_COMPLETION REJECTED: Requested text 'Meeting at 10am' not verified on page.
VERIFY_TASK_COMPLETION REJECTED: Requested text 'Meeting at 10am' not verified on page.
VERIFY_TASK_COMPLETION REJECTED: Requested text 'Meeting at 10am' not verified on page.
VERIFY_TASK_COMPLETION REJECTED: Requested text 'Meeting at 10am' not verified on page.
VERIFY_TASK_COMPLETION REJECTED: Browser is only at search engine homepage, but user requested search/extract.
VERIFY_TASK_COMPLETION REJECTED: Browser is only at search engine homepage, but user requested search/extract.
VERIFY_TASK_COMPLETION REJECTED: Browser is only at search engine homepage, but user requested search/extract.
VERIFY_TASK_COMPLETION REJECTED: Browser is only at search engine homepage, but user requested search/extract.
VERIFY_TASK_COMPLETION REJECTED: Browser is only at search engine homepage, but user requested search/extract.
VERIFY_TASK_COMPLETION REJECTED: Browser is only at search engine homepage, but user requested search/extract.
VERIFY_TASK_COMPLETION REJECTED: Browser is only at search engine homepage, but user requested search/extract.
VERIFY_TASK_COMPLETION REJECTED: Browser is only at search engine homepage, but user requested search/extract.
VERIFY_TASK_COMPLETION REJECTED: Browser is only at search engine homepage, but user requested search/extract.
VERIFY_TASK_COMPLETION REJECTED: Browser is only at search engine homepage, but user requested search/extract.
VERIFY_TASK_COMPLETION REJECTED: Browser is only at search engine homepage, but user requested search/extract.
VERIFY_TASK_COMPLETION REJECTED: Browser is only at search engine homepage, but user requested search/extract.
VERIFY_TASK_COMPLETION REJECTED: Browser is only at search engine homepage, but user requested search/extract.
VERIFY_TASK_COMPLETION REJECTED: Browser is only at search engine homepage, but user requested search/extract.
VERIFY_TASK_COMPLETION REJECTED: Browser is only at search engine homepage, but user requested search/extract.
VERIFY_TASK_COMPLETION REJECTED: Browser is only at search engine homepage, but user requested search/extract.
VERIFY_TASK_COMPLETION REJECTED: Browser is only at search engine homepage, but user requested search/extract.
VERIFY_TASK_COMPLETION REJECTED: Browser is only at search engine homepage, but user requested search/extract.
VERIFY_TASK_COMPLETION REJECTED: Browser is only at search engine homepage, but user requested search/extract.
VERIFY_TASK_COMPLETION REJECTED: Browser is only at search engine homepage, but user requested search/extract.
VERIFY_TASK_COMPLETION REJECTED: Browser is only at search engine homepage, but user requested search/extract.
VERIFY_TASK_COMPLETION REJECTED: Requested text 'Order #4471' not verified on page.
VERIFY_TASK_COMPLETION REJECTED: Requested text 'Order #4471' not verified on page.
VERIFY_TASK_COMPLETION REJECTED: Requested text 'Order #4471' not verified on page.
VERIFY_TASK_COMPLETION REJECTED: Requested text 'Order #4471' not verified on page.
VERIFY_TASK_COMPLETION REJECTED: Requested text 'Order #4471' not verified on page.
VERIFY_TASK_COMPLETION REJECTED: Requested text 'Order #4471' not verified on page.
VERIFY_TASK_COMPLETION REJECTED: Requested text 'Order #4471' not verified on page.
design     without none: false completions  3/23  false rejections  1/15
design     without E   : false completions  8/23  false rejections  1/15
design     without H   : false completions  7/23  false rejections  1/15
design     without Q   : false completions  4/23  false rejections  1/15
design     without T   : false completions  6/23  false rejections  1/15
design     without X   : false completions  6/23  false rejections  0/15
design     without R   : false completions  4/23  false rejections  1/15
design     without B   : false completions  5/23  false rejections  1/15
held_out   without none: false completions  3/5  false rejections  1/7
held_out   without E   : false completions  4/5  false rejections  1/7
held_out   without H   : false completions  3/5  false rejections  1/7
held_out   without Q   : false completions  3/5  false rejections  1/7
held_out   without T   : false completions  3/5  false rejections  1/7
held_out   without X   : false completions  3/5  false rejections  1/7
held_out   without R   : false completions  3/5  false rejections  1/7
held_out   without B   : false completions  4/5  false rejections  0/7
held_out_2 without none: false completions 13/22  false rejections  1/20
held_out_2 without E   : false completions 14/22  false rejections  1/20
held_out_2 without H   : false completions 15/22  false rejections  1/20
held_out_2 without Q   : false completions 13/22  false rejections  1/20
held_out_2 without T   : false completions 14/22  false rejections  1/20
held_out_2 without X   : false completions 13/22  false rejections  1/20
held_out_2 without R   : false completions 15/22  false rejections  1/20
held_out_2 without B   : false completions 15/22  false rejections  0/20
